../Core/Src/main.c:50:6:microDelay	16	static
../Core/Src/main.c:58:6:Set_Pin_Output	32	static
../Core/Src/main.c:68:6:Set_Pin_Input	32	static
../Core/Src/main.c:78:9:DHT11_Start	16	static
../Core/Src/main.c:115:9:DHT11_Read	16	static
../Core/Src/main.c:143:5:main	96	static
../Core/Src/main.c:296:6:SystemClock_Config	72	static
../Core/Src/main.c:335:13:MX_I2C1_Init	8	static
../Core/Src/main.c:368:13:MX_TIM1_Init	32	static
../Core/Src/main.c:413:13:MX_GPIO_Init	40	static
../Core/Src/main.c:447:6:Error_Handler	4	static,ignoring_inline_asm
