../Core/Src/main.c:49:6:microDelay	16	static
../Core/Src/main.c:56:6:Set_Pin_Output	32	static
../Core/Src/main.c:66:6:Set_Pin_Input	32	static
../Core/Src/main.c:76:9:DHT11_Start	16	static
../Core/Src/main.c:110:9:DHT11_Read	16	static
../Core/Src/main.c:136:5:main	88	static
../Core/Src/main.c:267:6:SystemClock_Config	72	static
../Core/Src/main.c:307:13:MX_I2C1_Init	8	static
../Core/Src/main.c:341:13:MX_TIM1_Init	32	static
../Core/Src/main.c:387:13:MX_GPIO_Init	40	static
../Core/Src/main.c:422:6:Error_Handler	4	static,ignoring_inline_asm
